<!--
  ~    Copyright 2009-2023 SiteMesh authors.
  ~
  ~    Licensed under the Apache License, Version 2.0 (the "License");
  ~    you may not use this file except in compliance with the License.
  ~    You may obtain a copy of the License at
  ~
  ~        http://www.apache.org/licenses/LICENSE-2.0
  ~
  ~    Unless required by applicable law or agreed to in writing, software
  ~    distributed under the License is distributed on an "AS IS" BASIS,
  ~    WITHOUT WARRANTIES OR CONDITIONS OF ANY KIND, either express or implied.
  ~    See the License for the specific language governing permissions and
  ~    limitations under the License.
  -->

<!-- Common header -->
<html>
  <head>
    <title>Some Example</title>
    <style type="text/css">
      /* common css */
      body { padding: 20px; }
      .title { color: #00c; }
    </style>
  </head>
  <body>

    <h2 class="title">
      Page: Some Example
    </h2>

    <!-- body -->
    <div class="inline">
      <h2 class="title">
        Inline 1
      </h2>
      <p>Some inline decorated content.</p>
    </div>

    <div class="inline">
      <h2 class="title">
        Inline 2
      </h2>
      <p>More inline decorated content.</p>
    </div>

    <p>More content.</p>

    <!-- end of body -->

  </body>
</html>
<!-- Common footer -->