<!--
  ~    Copyright 2009-2023 SiteMesh authors.
  ~
  ~    Licensed under the Apache License, Version 2.0 (the "License");
  ~    you may not use this file except in compliance with the License.
  ~    You may obtain a copy of the License at
  ~
  ~        http://www.apache.org/licenses/LICENSE-2.0
  ~
  ~    Unless required by applicable law or agreed to in writing, software
  ~    distributed under the License is distributed on an "AS IS" BASIS,
  ~    WITHOUT WARRANTIES OR CONDITIONS OF ANY KIND, either express or implied.
  ~    See the License for the specific language governing permissions and
  ~    limitations under the License.
  -->

<!-- Common header -->
<html>
  <head>
    <title>Hello 2</title>
    <style type="text/css">
      /* common css */
      body { padding: 20px; }
    </style>
    <style type="text/css">
      /* page specific css */
      .note { font-weight: bold; }
    </style>
  </head>
  <body>

    <h1 style="text-align:center">Hello 2</h1>

    <!-- body -->
    <p class="note">This document also has some addtional &lt;head&gt; tag contents.</p>
    <!-- end of body -->

  </body>
</html>
<!-- Common footer -->