<!--
  ~    Copyright 2009-2023 SiteMesh authors.
  ~
  ~    Licensed under the Apache License, Version 2.0 (the "License");
  ~    you may not use this file except in compliance with the License.
  ~    You may obtain a copy of the License at
  ~
  ~        http://www.apache.org/licenses/LICENSE-2.0
  ~
  ~    Unless required by applicable law or agreed to in writing, software
  ~    distributed under the License is distributed on an "AS IS" BASIS,
  ~    WITHOUT WARRANTIES OR CONDITIONS OF ANY KIND, either express or implied.
  ~    See the License for the specific language governing permissions and
  ~    limitations under the License.
  -->

<html>
  <head>
    <title>Hello Wide</title>
    <style type="text/css">
      .wide { padding: 0; }
    </style>
    <style type="text/css">
      .main { background-color: #eee; }
      body { font-family: arial,serif; }
    </style>
  </head>
  <body>

    <h1>Hello Wide</h1>

    <div class="main">
      <div class="wide">
        <p>Very simple document. Should appear in wide layout.</p>
      </div>
    </div>

  </body>
</html>