<!--
  ~    Copyright 2009-2023 SiteMesh authors.
  ~
  ~    Licensed under the Apache License, Version 2.0 (the "License");
  ~    you may not use this file except in compliance with the License.
  ~    You may obtain a copy of the License at
  ~
  ~        http://www.apache.org/licenses/LICENSE-2.0
  ~
  ~    Unless required by applicable law or agreed to in writing, software
  ~    distributed under the License is distributed on an "AS IS" BASIS,
  ~    WITHOUT WARRANTIES OR CONDITIONS OF ANY KIND, either express or implied.
  ~    See the License for the specific language governing permissions and
  ~    limitations under the License.
  -->

<html>
  <head>
    <title>Hello Narrow</title>
    <style>
      .sidebar { float: left; width: 200px; }
      .narrow { width: 800px; }
    </style>
    <style type="text/css">
      .main { background-color: #eee; }
      body { font-family: arial,serif; }
    </style>
  </head>
  <body>

    <h1>Hello Narrow</h1>

    <div class="main">
      <div class="sidebar">
        <ul>
          <li>Some</li>
          <li>Additional</li>
          <li>Stuff</li>
        </ul>
      </div>

      <div class="narrow">
        <p>Very simple document. Should appread in narrow layout.</p>
      </div>
    </div>

  </body>
</html>